{
	"Z1K1": "Z5",
	"Z5K1": {
		"Z1K1": "Z518",
		"Z518K1": {
			"Z1K1": "Z4",
			"Z4K1": {
				"Z1K1": "Z7",
				"Z7K1": "Z50000",
				"Z50000K1": {
					"Z1K1": "Z18",
					"Z18K1": "Z50000K1"
				},
				"Z50000K2": {
					"Z1K1": "Z18",
					"Z18K1": "Z50000K2"
				}
			},
			"Z4K2": [
				"Z3",
				{
					"Z1K1": "Z3",
					"Z3K1": {
						"Z1K1": "Z18",
						"Z18K1": "Z50000K1"
					},
					"Z3K2": "K1",
					"Z3K3": {
						"Z1K1": "Z12",
						"Z12K1": [
							"Z11",
							{
								"Z1K1": "Z11",
								"Z11K1": "Z1002",
								"Z11K2": "first member"
							}
						]
					}
				},
				{
					"Z1K1": "Z3",
					"Z3K1": {
						"Z1K1": "Z18",
						"Z18K1": "Z50000K2"
					},
					"Z3K2": "K2",
					"Z3K3": {
						"Z1K1": "Z12",
						"Z12K1": [
							"Z11",
							{
								"Z1K1": "Z11",
								"Z11K1": "Z1002",
								"Z11K2": "second member"
							}
						]
					}
				}
			],
			"Z4K3": "Z831"
		},
		"Z518K2": {
			"Z1K1": {
				"Z1K1": "Z4",
				"Z4K1": {
					"Z1K1": "Z7",
					"Z7K1": "Z50000",
					"Z50000K1": {
						"Z1K1": "Z18",
						"Z18K1": "Z50000K1"
					},
					"Z50000K2": {
						"Z1K1": "Z18",
						"Z18K1": "Z50000K2"
					}
				},
				"Z4K2": [
					"Z3",
					{
						"Z1K1": "Z3",
						"Z3K1": {
							"Z1K1": "Z18",
							"Z18K1": "Z50000K1"
						},
						"Z3K2": "K1",
						"Z3K3": {
							"Z1K1": "Z12",
							"Z12K1": [
								"Z11",
								{
									"Z1K1": "Z11",
									"Z11K1": "Z1002",
									"Z11K2": "first member"
								}
							]
						}
					},
					{
						"Z1K1": "Z3",
						"Z3K1": {
							"Z1K1": "Z18",
							"Z18K1": "Z50000K2"
						},
						"Z3K2": "K2",
						"Z3K3": {
							"Z1K1": "Z12",
							"Z12K1": [
								"Z11",
								{
									"Z1K1": "Z11",
									"Z11K1": "Z1002",
									"Z11K2": "second member"
								}
							]
						}
					}
				],
				"Z4K3": "Z831"
			},
			"K1": "Not a list of Z6",
			"K2": {
				"Z1K1": "Z40",
				"Z40K1": "Z42"
			}
		},
		"Z518K3": {
			"Z1K1": "Z5",
			"Z5K1": "Z502",
			"Z5K2": {
				"Z1K1": {
					"Z1K1": "Z7",
					"Z7K1": "Z885",
					"Z885K1": "Z502"
				},
				"Z502K1": "Z509",
				"Z502K2": {
					"Z1K1": "Z5",
					"Z5K1": "Z509",
					"Z5K2": {
						"Z1K1": {
							"Z1K1": "Z7",
							"Z7K1": "Z885",
							"Z885K1": "Z509"
						},
						"Z509K1": [
							"Z5"
						]
					}
				}
			}
		}
	}
}
