{
	"Z1K1": "Z5",
	"Z5K1": {
		"Z1K1": "Z518",
		"Z518K1": {
			"Z1K1": "Z4",
			"Z4K1": { "Z1K1": "Z7", "Z7K1": "Z882", "Z882K1": "Z6", "Z882K2": "Z40" },
			"Z4K2": [
				"Z3",
				{
					"Z1K1": "Z3",
					"Z3K1": "Z6",
					"Z3K2": "K1",
					"Z3K3": {
						"Z1K1": "Z12",
						"Z12K1": [
							"Z11",
							{ "Z1K1": "Z11", "Z11K1": "Z1002", "Z11K2": "first" }
						]
					}
				},
				{
					"Z1K1": "Z3",
					"Z3K1": "Z40",
					"Z3K2": "K2",
					"Z3K3": {
						"Z1K1": "Z12",
						"Z12K1": [
							"Z11",
							{ "Z1K1": "Z11", "Z11K1": "Z1002", "Z11K2": "second" }
						]
					}
				}
			],
			"Z4K3": {
				"Z1K1": "Z8",
				"Z8K1": [
					"Z17",
					{
						"Z1K1": "Z17",
						"Z17K1": "Z99",
						"Z17K2": "Z831K1",
						"Z17K3": {
							"Z1K1": "Z12",
							"Z12K1": [
								"Z11",
								{
									"Z1K1": "Z11",
									"Z11K1": "Z1002",
									"Z11K2": "input to validate"
								}
							]
						}
					},
					{
						"Z1K1": "Z17",
						"Z17K1": "Z99",
						"Z17K2": "Z831K2",
						"Z17K3": {
							"Z1K1": "Z12",
							"Z12K1": [
								"Z11",
								{
									"Z1K1": "Z11",
									"Z11K1": "Z1002",
									"Z11K2": "schema for validation"
								}
							]
						}
					}
				],
				"Z8K2": "Z4",
				"Z8K3": [ "Z20" ],
				"Z8K4": [
					"Z14",
					{
						"Z1K1": "Z14",
						"Z14K1": "Z831",
						"Z14K4": { "Z1K1": "Z6", "Z6K1": "Z931" }
					}
				],
				"Z8K5": "Z831"
			}
		},
		"Z518K2": {
			"Z1K1": {
				"Z1K1": "Z4",
				"Z4K1": { "Z1K1": "Z7", "Z7K1": "Z882", "Z882K1": "Z6", "Z882K2": "Z40" },
				"Z4K2": [
					"Z3",
					{
						"Z1K1": "Z3",
						"Z3K1": "Z6",
						"Z3K2": "K1",
						"Z3K3": {
							"Z1K1": "Z12",
							"Z12K1": [
								"Z11",
								{ "Z1K1": "Z11", "Z11K1": "Z1002", "Z11K2": "first" }
							]
						}
					},
					{
						"Z1K1": "Z3",
						"Z3K1": "Z40",
						"Z3K2": "K2",
						"Z3K3": {
							"Z1K1": "Z12",
							"Z12K1": [
								"Z11",
								{ "Z1K1": "Z11", "Z11K1": "Z1002", "Z11K2": "second" }
							]
						}
					}
				],
				"Z4K3": {
					"Z1K1": "Z8",
					"Z8K1": [
						"Z17",
						{
							"Z1K1": "Z17",
							"Z17K1": "Z99",
							"Z17K2": "Z831K1",
							"Z17K3": {
								"Z1K1": "Z12",
								"Z12K1": [
									"Z11",
									{
										"Z1K1": "Z11",
										"Z11K1": "Z1002",
										"Z11K2": "input to validate"
									}
								]
							}
						},
						{
							"Z1K1": "Z17",
							"Z17K1": "Z99",
							"Z17K2": "Z831K2",
							"Z17K3": {
								"Z1K1": "Z12",
								"Z12K1": [
									"Z11",
									{
										"Z1K1": "Z11",
										"Z11K1": "Z1002",
										"Z11K2": "schema for validation"
									}
								]
							}
						}
					],
					"Z8K2": "Z4",
					"Z8K3": [ "Z20" ],
					"Z8K4": [
						"Z14",
						{
							"Z1K1": "Z14",
							"Z14K1": "Z831",
							"Z14K4": { "Z1K1": "Z6", "Z6K1": "Z931" }
						}
					],
					"Z8K5": "Z831"
				}
			},
			"K1": "true?",
			"K2": "true!"
		},
		"Z518K3": {
			"Z1K1": "Z5",
			"Z5K1": "Z502",
			"Z5K2": {
				"Z1K1": { "Z1K1": "Z7", "Z7K1": "Z885", "Z885K1": "Z502" },
				"Z502K1": "Z509",
				"Z502K2": {
					"Z1K1": "Z5",
					"Z5K1": "Z509",
					"Z5K2": {
						"Z1K1": { "Z1K1": "Z7", "Z7K1": "Z885", "Z885K1": "Z509" },
						"Z509K1": [
							"Z5",
							{
								"Z1K1": "Z5",
								"Z5K1": "Z525",
								"Z5K2": {
									"Z1K1": { "Z1K1": "Z7", "Z7K1": "Z885", "Z885K1": "Z525" },
									"Z525K1": "Z6K1"
								}
							},
							{
								"Z1K1": "Z5",
								"Z5K1": "Z535",
								"Z5K2": {
									"Z1K1": { "Z1K1": "Z7", "Z7K1": "Z885", "Z885K1": "Z535" },
									"Z535K1": { "Z1K1": "Z99", "Z99K1": "true!" }
								}
							},
							{
								"Z1K1": "Z5",
								"Z5K1": "Z511",
								"Z5K2": {
									"Z1K1": { "Z1K1": "Z7", "Z7K1": "Z885", "Z885K1": "Z511" },
									"Z511K1": { "Z1K1": "Z39", "Z39K1": "Z18K1" },
									"Z511K2": { "Z1K1": "Z99", "Z99K1": "true!" }
								}
							}
						]
					}
				}
			}
		}
	}
}
