{
	"Z1K1": "Z5",
	"Z5K1": {
		"Z1K1": "Z518",
		"Z518K1": {
			"Z1K1": "Z4",
			"Z4K1": "Z88401",
			"Z4K2": [
				{
					"Z1K1": "Z3",
					"Z3K1": {
						"Z1K1": "Z4",
						"Z4K1": "Z88402",
						"Z4K2": [
							{
								"Z1K1": "Z3",
								"Z3K1": "Z6",
								"Z3K2": "Z88402K1",
								"Z3K3": {
									"Z1K1": "Z12",
									"Z12K1": []
								}
							}
						],
						"Z4K3": "Z831"
					},
					"Z3K2": "Z88401K1",
					"Z3K3": {
						"Z1K1": "Z12",
						"Z12K1": []
					}
				}
			],
			"Z4K3": {
				"Z1K1": "Z8",
				"Z8K1": [
					{
						"Z1K1": "Z17",
						"Z17K1": "Z99",
						"Z17K2": "Z831K1",
						"Z17K3": {
							"Z1K1": "Z12",
							"Z12K1": []
						}
					},
					{
						"Z1K1": "Z17",
						"Z17K1": "Z99",
						"Z17K2": "Z831K2",
						"Z17K3": {
							"Z1K1": "Z12",
							"Z12K1": []
						}
					}
				],
				"Z8K2": "Z10",
				"Z8K3": [],
				"Z8K4": [
					{
						"Z1K1": "Z14",
						"Z14K1": "Z831",
						"Z14K4": {
							"Z1K1": "Z6",
							"Z6K1": "Z931"
						}
					}
				],
				"Z8K5": "Z831"
			}
		},
		"Z518K2": {
			"Z1K1": {
				"Z1K1": "Z4",
				"Z4K1": "Z88401",
				"Z4K2": [
					{
						"Z1K1": "Z3",
						"Z3K1": {
							"Z1K1": "Z4",
							"Z4K1": "Z88402",
							"Z4K2": [
								{
									"Z1K1": "Z3",
									"Z3K1": "Z6",
									"Z3K2": "Z88402K1",
									"Z3K3": {
										"Z1K1": "Z12",
										"Z12K1": []
									}
								}
							],
							"Z4K3": "Z831"
						},
						"Z3K2": "Z88401K1",
						"Z3K3": {
							"Z1K1": "Z12",
							"Z12K1": []
						}
					}
				],
				"Z4K3": {
					"Z1K1": "Z8",
					"Z8K1": [
						{
							"Z1K1": "Z17",
							"Z17K1": "Z99",
							"Z17K2": "Z831K1",
							"Z17K3": {
								"Z1K1": "Z12",
								"Z12K1": []
							}
						},
						{
							"Z1K1": "Z17",
							"Z17K1": "Z99",
							"Z17K2": "Z831K2",
							"Z17K3": {
								"Z1K1": "Z12",
								"Z12K1": []
							}
						}
					],
					"Z8K2": "Z10",
					"Z8K3": [],
					"Z8K4": [
						{
							"Z1K1": "Z14",
							"Z14K1": "Z831",
							"Z14K4": {
								"Z1K1": "Z6",
								"Z6K1": "Z931"
							}
						}
					],
					"Z8K5": "Z831"
				}
			},
			"Z88401K1": {
				"Z1K1": {
					"Z1K1": "Z4",
					"Z4K1": "Z88402",
					"Z4K2": [
						{
							"Z1K1": "Z3",
							"Z3K1": "Z6",
							"Z3K2": "Z88402K1",
							"Z3K3": {
								"Z1K1": "Z12",
								"Z12K1": []
							}
						}
					],
					"Z4K3": "Z831"
				},
				"Z88402K1": {
					"Z1K1": "Z40",
					"Z40K1": "Z41"
				}
			}
		},
		"Z518K3": {
			"Z1K1": "Z5",
			"Z5K1": "Z502",
			"Z5K2": {
				"Z1K1": {
					"Z1K1": "Z7",
					"Z7K1": "Z885",
					"Z885K1": "Z502"
				},
				"K1": "Z509",
				"K2": {
					"Z1K1": "Z5",
					"Z5K1": "Z509",
					"Z5K2": {
						"Z1K1": {
							"Z1K1": "Z7",
							"Z7K1": "Z885",
							"Z885K1": "Z509"
						},
						"K1": [
							{
								"Z1K1": "Z5",
								"Z5K1": "Z532",
								"Z5K2": {
									"Z1K1": {
										"Z1K1": "Z7",
										"Z7K1": "Z885",
										"Z885K1": "Z532"
									},
									"K1": {
										"Z1K1": "Z99",
										"Z99K1": {
											"Z1K1": "Z40",
											"Z40K1": "Z41"
										}
									}
								}
							},
							{
								"Z1K1": "Z5",
								"Z5K1": "Z535",
								"Z5K2": {
									"Z1K1": {
										"Z1K1": "Z7",
										"Z7K1": "Z885",
										"Z885K1": "Z535"
									},
									"K1": {
										"Z1K1": "Z99",
										"Z99K1": {
											"Z1K1": "Z40",
											"Z40K1": "Z41"
										}
									}
								}
							},
							{
								"Z1K1": "Z5",
								"Z5K1": "Z511",
								"Z5K2": {
									"Z1K1": {
										"Z1K1": "Z7",
										"Z7K1": "Z885",
										"Z885K1": "Z511"
									},
									"K1": {
										"Z1K1": "Z39",
										"Z39K1": "Z18K1"
									},
									"K2": {
										"Z1K1": "Z99",
										"Z99K1": {
											"Z1K1": "Z40",
											"Z40K1": "Z41"
										}
									}
								}
							}
						]
					}
				}
			}
		}
	}
}
