{
	"Z1K1": "Z4",
	"Z4K1": {
		"Z1K1": "Z7",
		"Z7K1": "Z10122",
		"Z10122K1": ""
	},
	"Z4K2": [
		"Z3",
		{
			"Z1K1": "Z3",
			"Z3K1": "Z6",
			"Z3K2": "K1",
			"Z3K3": {
				"Z1K1": "Z12",
				"Z12K1": [
					"Z11"
				]
			}
		}
	],
	"Z4K3": "Z101"
}
