{
	"Z1K1": "Z5",
	"Z5K1": {
		"Z1K1": "Z507",
		"Z507K1": "Function evaluation failed with status 500: {\"Z1K1\":\"Z6\",\"Z6K1\":\"naw\"}"
	}
}
