{
	"Z1K1": "Z5",
	"Z5K1": "Z507",
	"Z5K2": {
		"Z1K1": {
			"Z1K1": "Z7",
			"Z7K1": "Z885",
			"Z885K1": "Z507"
		},
		"Z507K1": {
			"Z1K1": "Z99",
			"Z99K1": {
				"Z1099K1": "5",
				"Z1099K2": "8",
				"Z1K1": "Z7",
				"Z7K1": {
					"Z1K1": "Z8",
					"Z8K1": [
						"Z17",
						{
							"Z17K1": "Z6",
							"Z17K2": "Z1099K1",
							"Z17K3": {
								"Z12K1": [
									"Z1"
								],
								"Z1K1": "Z12"
							},
							"Z1K1": "Z17"
						},
						{
							"Z17K1": "Z6",
							"Z17K2": "Z1099K2",
							"Z17K3": {
								"Z12K1": [
									"Z1"
								],
								"Z1K1": "Z12"
							},
							"Z1K1": "Z17"
						}
					],
					"Z8K2": "Z1",
					"Z8K3": [
						"Z1"
					],
					"Z8K4": [
						"Z14",
						{
							"Z14K1": "Z1099",
							"Z14K3": {
								"Z16K1": {
									"Z1K1": "Z61",
									"Z61K1": "python-3"
								},
								"Z16K2": "Z1099K0 = str(int(Z1099K1) + int(Z1099K2))",
								"Z1K1": "Z16"
							},
							"Z1K1": "Z14"
						}
					],
					"Z8K5": "Z1099"
				}
			}
		},
		"Z507K2": {
			"Z1K1": "Z99",
			"Z99K1": {
				"Z1K1": "Z5",
				"Z5K1": "Z500",
				"Z5K2": {
					"Z1K1": {
						"Z1K1": "Z7",
						"Z7K1": "Z885",
						"Z885K1": "Z500"
					},
					"Z500K1": "Call tuples failed in returnOnFirstError. Error: FetchError: request to http://theevaluator/ failed, reason: The evaluator for ZID Z1099 was never set!."
				}
			}
		}
	}
}
