{
	"Z1K1": "Z5",
	"Z5K1": {
		"Z1K1": "Z506",
		"Z506K1": "Could not validate return value as type {\"Z1K1\":\"Z9\",\"Z9K1\":\"Z6\"}"
	}
}
