{
	"Z1K1": "Z5",
	"Z5K1": {
		"Z1K1": "Z506",
		"Z506K1": "Z40",
		"Z506K2": {
			"Z1K1": "Z6",
			"Z6K1": "Z6"
		},
		"Z506K3": "oops",
		"Z506K4": {
			"Z1K1": "Z5",
			"Z5K1": "Z502",
			"Z5K2": {
				"Z1K1": {
					"Z1K1": "Z7",
					"Z7K1": "Z885",
					"Z885K1": "Z502"
				},
				"K1": "Z509",
				"K2": {
					"Z1K1": "Z5",
					"Z5K1": "Z509",
					"Z5K2": {
						"Z1K1": {
							"Z1K1": "Z7",
							"Z7K1": "Z885",
							"Z885K1": "Z509"
						},
						"K1": [
							{
								"Z1K1": "Z5",
								"Z5K1": "Z525",
								"Z5K2": {
									"Z1K1": {
										"Z1K1": "Z7",
										"Z7K1": "Z885",
										"Z885K1": "Z525"
									},
									"K1": "Z6K1"
								}
							},
							{
								"Z1K1": "Z5",
								"Z5K1": "Z535",
								"Z5K2": {
									"Z1K1": {
										"Z1K1": "Z7",
										"Z7K1": "Z885",
										"Z885K1": "Z535"
									},
									"K1": {
										"Z1K1": "Z99",
										"Z99K1": "oops"
									}
								}
							},
							{
								"Z1K1": "Z5",
								"Z5K1": "Z511",
								"Z5K2": {
									"Z1K1": {
										"Z1K1": "Z7",
										"Z7K1": "Z885",
										"Z885K1": "Z511"
									},
									"K1": {
										"Z1K1": "Z39",
										"Z39K1": "Z18K1"
									},
									"K2": {
										"Z1K1": "Z99",
										"Z99K1": "oops"
									}
								}
							}
						]
					}
				}
			}
		}
	}
}
