{
	"Z1K1": {
		"Z1K1": "Z9",
		"Z9K1": "Z5"
	},
	"Z5K1": {
		"Z1K1": {
			"Z1K1": "Z9",
			"Z9K1": "Z507"
		},
		"Z507K1": {
			"Z1K1": "Z6",
			"Z6K1": "Could not find argument Z882K1."
		}
	}
}
