{
	"Z1K1": {
		"Z1K1": "Z9",
		"Z9K1": "Z10"
	},
	"Z10K1": {
		"Z1K1": {
			"Z1K1": "Z9",
			"Z9K1": "Z5"
		},
		"Z5K1": {
			"Z1K1": {
				"Z1K1": "Z9",
				"Z9K1": "Z525"
			},
			"Z525K1": {
				"Z1K1": "Z6",
				"Z6K1": "Invalid key for function call: Z802K4"
			}
		}
	},
	"Z10K2": {
		"Z1K1": {
			"Z1K1": "Z9",
			"Z9K1": "Z10"
		}
	}
}
