{
  "Z1K1": {
      "Z1K1": "Z9",
      "Z9K1": "Z10"
  },
  "Z10K1": {
      "Z1K1": {
          "Z1K1": "Z9",
          "Z9K1": "Z5"
      },
      "Z5K1": {
          "Z1K1": {
              "Z1K1": "Z9",
              "Z9K1": "Z422"
          },
          "Z422K1": {
              "Z1K1": "Z6",
              "Z6K1": "Invalid key at index 0: Z803K2 (should be Z803K1)"
          }
      }
  },
  "Z10K2": {
      "Z1K1": {
          "Z1K1": "Z9",
          "Z9K1": "Z10"
      }
  }
}