{
	"Z1K1": "Z5",
	"Z5K1": "Z507",
	"Z5K2": {
		"Z1K1": {
			"Z1K1": "Z7",
			"Z7K1": "Z885",
			"Z885K1": "Z507"
		},
		"Z507K1": "Could not find argument Z881K1."
	}
}
