{
	"Z1K1": {
		"Z1K1": "Z9",
		"Z9K1": "Z10"
	},
	"Z10K1": {
		"Z1K1": {
			"Z1K1": "Z9",
			"Z9K1": "Z5"
		},
		"Z5K1": {
			"Z1K1": {
				"Z1K1": "Z9",
				"Z9K1": "Z522"
			},
			"Z522K1": {
				"Z1K1": "Z6",
				"Z6K1": "Duplicated key at index 1: Z803K1"
			}
		}
	},
	"Z10K2": {
		"Z1K1": {
			"Z1K1": "Z9",
			"Z9K1": "Z10"
		},
		"Z10K1": {
			"Z1K1": "Z5",
			"Z5K1": {
				"Z1K1": "Z522",
				"Z522K1": "Non-sequential key at index 1: Z803K1"
			}
		},
		"Z10K2": {
			"Z1K1": {
				"Z1K1": "Z9",
				"Z9K1": "Z10"
			}
		}
	}
}
