[
	"Z40",
	{
		"Z1K1": "Z40",
		"Z40K1": "Z41"
	},
	{
		"Z1K1": "Z40",
		"Z40K1": "Z42"
	},
	{
		"Z1K1": "Z40",
		"Z40K1": "Z42"
	},
	{
		"Z1K1": "Z40",
		"Z40K1": "Z41"
	}
]
