{
	"Z1K1": "Z5",
	"Z5K1": "Z504",
	"Z5K2": {
		"Z1K1": {
			"Z1K1": "Z7",
			"Z7K1": "Z885",
			"Z885K1": "Z504"
		},
		"Z504K1": { "Z1K1": "Z6", "Z6K1": "Z1010101" }
	}
}
