{ "Z1K1": "Z5", "Z5K1": { "Z1K1": "Z518", "Z518K1": "Z40", "Z518K2": { "Z1K1": "Z40", "Z40K1": "NOT A BOOLEAN AT ALL" }, "Z518K3": { "Z1K1": "Z5", "Z5K1": "Z502", "Z5K2": { "Z1K1": { "Z1K1": "Z7", "Z7K1": "Z885", "Z885K1": "Z502" }, "Z502K1": "Z509", "Z502K2": { "Z1K1": "Z5", "Z5K1": "Z509", "Z5K2": { "Z1K1": { "Z1K1": "Z7", "Z7K1": "Z885", "Z885K1": "Z509" }, "Z509K1": [ { "Z1K1": "Z5", "Z5K1": "Z526", "Z5K2": { "Z1K1": { "Z1K1": "Z7", "Z7K1": "Z885", "Z885K1": "Z526" }, "Z526K1": { "Z1K1": "Z39", "Z39K1": "Z40K1" }, "Z526K2": { "Z1K1": "Z5", "Z5K1": "Z535", "Z5K2": { "Z1K1": { "Z1K1": "Z7", "Z7K1": "Z885", "Z885K1": "Z535" }, "Z535K1": { "Z1K1": "Z99", "Z99K1": "NOT A BOOLEAN AT ALL" } } } } }, { "Z1K1": "Z5", "Z5K1": "Z535", "Z5K2": { "Z1K1": { "Z1K1": "Z7", "Z7K1": "Z885", "Z885K1": "Z535" }, "Z535K1": { "Z1K1": "Z99", "Z99K1": { "Z1K1": "Z40", "Z40K1": "NOT A BOOLEAN AT ALL" } } } }, { "Z1K1": "Z5", "Z5K1": "Z511", "Z5K2": { "Z1K1": { "Z1K1": "Z7", "Z7K1": "Z885", "Z885K1": "Z511" }, "Z511K1": { "Z1K1": "Z39", "Z39K1": "Z18K1" }, "Z511K2": { "Z1K1": "Z99", "Z99K1": { "Z1K1": "Z40", "Z40K1": "NOT A BOOLEAN AT ALL" } } } } ] } } } } } }
