{
	"Z1K1": "Z5",
	"Z5K1": "Z518",
	"Z5K2": {
		"Z1K1": {
			"Z1K1": "Z7",
			"Z7K1": "Z885",
			"Z885K1": "Z518"
		},
		"Z518K1": "Z10081",
		"Z518K2": {
			"Z1K1": "Z10081",
			"Z10081K1": ""
		},
		"Z518K3": {
			"Z1K1": "Z5",
			"Z5K1": {
				"Z1K1": "Z50",
				"Z50K1": [
					"Z1"
				]
			},
			"Z5K2": {
				"Z1K1": "Z4",
				"Z4K1": {
					"Z1K1": "Z7",
					"Z7K1": "Z885",
					"Z885K1": {
						"Z1K1": "Z18",
						"Z18K1": "Z885K1"
					}
				},
				"Z4K2": {
					"Z1K1": "Z7",
					"Z7K1": "Z803",
					"Z803K1": {
						"Z1K1": "Z39",
						"Z39K1": "Z50K1"
					},
					"Z803K2": {
						"Z1K1": "Z18",
						"Z18K1": "Z885K1"
					}
				},
				"Z4K3": "Z101"
			}
		}
	}
}
