{
	"Z1K1": {
		"Z1K1": "Z4",
		"Z4K1": "Z10081",
		"Z4K2": [
			{
				"Z1K1": "Z3",
				"Z3K1": "Z6",
				"Z3K2": "Z10081K1",
				"Z3K3": {
					"Z1K1": "Z12",
					"Z12K1": [
						{
							"Z1K1": "Z11",
							"Z11K1": "Z1002",
							"Z11K2": "value"
						}
					]
				}
			}
		],
		"Z4K3": {
			"Z1K1": "Z8",
			"Z8K1": [
				{
					"Z1K1": "Z17",
					"Z17K1": {
						"Z1K1": "Z4",
						"Z4K1": "Z10081",
						"Z4K2": [
							{
								"Z1K1": "Z3",
								"Z3K1": "Z6",
								"Z3K2": "Z10081K1",
								"Z3K3": {
									"Z1K1": "Z12",
									"Z12K1": [
										{
											"Z1K1": "Z11",
											"Z11K1": "Z1002",
											"Z11K2": "value"
										}
									]
								}
							}
						],
						"Z4K3": "Z10084"
					},
					"Z17K2": "Z10084K1",
					"Z17K3": {
						"Z1K1": "Z12",
						"Z12K1": [
							{
								"Z1K1": "Z11",
								"Z11K1": "Z1002",
								"Z11K2": "input"
							}
						]
					}
				}
			],
			"Z8K2": "Z10081",
			"Z8K3": [],
			"Z8K4": [
				"Z10085"
			],
			"Z8K5": "Z10084"
		}
	},
	"Z10081K1": "x"
}
