{
	"Z1K1": {
		"Z1K1": "Z7",
		"Z7K1": "Z883",
		"Z883K1": "Z39",
		"Z883K2": "Z1"
	},
	"K1": [
		{
			"Z1K1": "Z7",
			"Z7K1": "Z882",
			"Z882K1": "Z39",
			"Z882K2": "Z1"
		},
		{
			"Z1K1": {
				"Z1K1": "Z7",
				"Z7K1": "Z882",
				"Z882K1": "Z39",
				"Z882K2": "Z1"
			},
			"K1": {
				"Z1K1": "Z39",
				"Z39K1": "Z8K2"
			},
			"K2": "Z40"
		},
		{
			"Z1K1": {
				"Z1K1": "Z7",
				"Z7K1": "Z882",
				"Z882K1": "Z39",
				"Z882K2": "Z1"
			},
			"K1": {
				"Z1K1": "Z39",
				"Z39K1": "Z8K3"
			},
			"K2": [
				"Z9",
				"Z8130",
				"Z8131"
			]
		}
	]
}
