[
	{
		"Z1K1": "Z6",
		"Z6K1": "arbitrary ZObject"
	}
]
