{ "Z1K1": { "Z1K1": "Z9", "Z9K1": "Z40" }, "Z40K1": { "Z1K1": "Z9", "Z9K1": "Z42" } }
