[
	{
		"Z1K1": {
			"Z1K1": "Z7",
			"Z7K1": "Z882",
			"Z882K1": "Z39",
			"Z882K2": "Z1"
		},
		"K1": {
			"Z1K1": "Z39",
			"Z39K1": "Z1K1"
		},
		"K2": [
			{
				"Z1K1": {
					"Z1K1": "Z7",
					"Z7K1": "Z882",
					"Z882K1": "Z39",
					"Z882K2": "Z1"
				},
				"K1": {
					"Z1K1": "Z39",
					"Z39K1": "Z1K1"
				},
				"K2": {
					"Z1K1": "Z6",
					"Z6K1": "Z9"
				}
			},
			{
				"Z1K1": {
					"Z1K1": "Z7",
					"Z7K1": "Z882",
					"Z882K1": "Z39",
					"Z882K2": "Z1"
				},
				"K1": {
					"Z1K1": "Z39",
					"Z39K1": "Z9K1"
				},
				"K2": {
					"Z1K1": "Z6",
					"Z6K1": "Z60"
				}
			}
		]
	},
	{
		"Z1K1": {
			"Z1K1": "Z7",
			"Z7K1": "Z882",
			"Z882K1": "Z39",
			"Z882K2": "Z1"
		},
		"K1": {
			"Z1K1": "Z39",
			"Z39K1": "Z60K1"
		},
		"K2": [
			{
				"Z1K1": {
					"Z1K1": "Z7",
					"Z7K1": "Z882",
					"Z882K1": "Z39",
					"Z882K2": "Z1"
				},
				"K1": {
					"Z1K1": "Z39",
					"Z39K1": "Z1K1"
				},
				"K2": {
					"Z1K1": "Z6",
					"Z6K1": "Z6"
				}
			},
			{
				"Z1K1": {
					"Z1K1": "Z7",
					"Z7K1": "Z882",
					"Z882K1": "Z39",
					"Z882K2": "Z1"
				},
				"K1": {
					"Z1K1": "Z39",
					"Z39K1": "Z6K1"
				},
				"K2": "tlh"
			}
		]
	}
]
