{
    "Z1K1": {"Z1K1": "Z9", "Z9K1": "Z60"},
    "Z60K1": {"Z1K1": "Z6", "Z6K1": "tlh"}
}
