{
	"Z1K1": {
		"Z1K1": "Z9",
		"Z9K1": "Z10"
	},
	"Z10K1": {
		"Z1K1": "Z6",
		"Z6K1": "Just cutting in line."
	},
	"Z10K2": {
		"Z1K1": {
			"Z1K1": "Z9",
			"Z9K1": "Z10"
		}
	}
}
