[
	"Z6",
	{
		"Z1K1": "Z6",
		"Z6K1": "Just cutting in line."
	}
]
