[
	"Z6",
	"who said two vast and trunkless legs of stone"
]
