[
	"Z86",
	{
		"Z1K1": "Z86",
		"Z86K1": "\ud83d\udc69"
	},
	{
		"Z1K1": "Z86",
		"Z86K1": "\ud83c\udfff"
	},
	{
		"Z1K1": "Z86",
		"Z86K1": "\u200d"
	}
]
