[
	"Z86",
	{
		"Z1K1": "Z86",
		"Z86K1": "m"
	},
	{
		"Z1K1": "Z86",
		"Z86K1": "u"
	},
	{
		"Z1K1": "Z86",
		"Z86K1": "s"
	}
]
