{
	"Z1K1": "Z6",
	"Z6K1": "\ud83d\udc69\ud83c\udfff\u200d"
}
